// Jest Snapshot v1, https://goo.gl/fbAQLP

exports[`DeleteCar should render correctly 1`] = `
<div>
  <h2>
    There are no cars
  </h2>
  ,
</div>
`;
