// Jest Snapshot v1, https://goo.gl/fbAQLP

exports[`Header should render correctly 1`] = `
<div>
  <nav
    class="navigation"
    style="transition: all .2s; opacity: 0; display: none;"
  >
    <svg
      class="close-btn-mobile"
      fill="currentColor"
      height="1em"
      stroke="currentColor"
      stroke-width="0"
      viewBox="0 0 1024 1024"
      width="1em"
      xmlns="http://www.w3.org/2000/svg"
    >
      <path
        d="M563.8 512l262.5-312.9c4.4-5.2.7-13.1-6.1-13.1h-79.8c-4.7 0-9.2 2.1-12.3 5.7L511.6 449.8 295.1 191.7c-3-3.6-7.5-5.7-12.3-5.7H203c-6.8 0-10.5 7.9-6.1 13.1L459.4 512 196.9 824.9A7.95 7.95 0 0 0 203 838h79.8c4.7 0 9.2-2.1 12.3-5.7l216.5-258.1 216.5 258.1c3 3.6 7.5 5.7 12.3 5.7h79.8c6.8 0 10.5-7.9 6.1-13.1L563.8 512z"
      />
    </svg>
    <div
      class="navigation-menu"
    >
      <a
        class="logo"
        href="/"
      >
        <svg>
          rentacar_logo.svg
        </svg>
      </a>
      <p
        class="user-name"
      >
        Signed in as 
        <span />
      </p>
      <ul>
        <li>
          <a
            aria-current="page"
            class="active"
            href="/"
          >
            CARS
          </a>
        </li>
        <li>
          <a
            class=""
            href="/add_rental"
          >
            NEW RENTAL
          </a>
        </li>
        <li>
          <a
            class=""
            href="/rentals"
          >
            RENTALS
          </a>
        </li>
        <li>
          <a
            class=""
            href="/add_car"
          >
            ADD CAR
          </a>
        </li>
        <li>
          <a
            class=""
            href="/delete_car"
          >
            DELETE CAR
          </a>
        </li>
        <li>
          <a
            class=""
            href="/login"
          >
            LOGIN
          </a>
        </li>
      </ul>
    </div>
    <div
      class="nav-footer"
    >
      © 2022 Microverse
    </div>
    <div
      class="close-btn"
    >
      <svg
        class="close-arrow"
        fill="currentColor"
        height="1em"
        stroke="currentColor"
        stroke-width="0"
        viewBox="0 0 512 512"
        width="1em"
        xmlns="http://www.w3.org/2000/svg"
      >
        <path
          d="M247 65.16L32.34 440.8l61.79-35.7L247 137.6zm18 .38V137l158.3 271.3 62.7 36.1C412.2 318.2 338.6 191.8 265 65.54zM415.4 424.5l-321.3 1.4-62.72 36.2 445.82-1.9z"
        />
      </svg>
    </div>
  </nav>
  <header>
    <svg
      class="hamburger"
      fill="currentColor"
      height="1em"
      stroke="currentColor"
      stroke-width="0"
      viewBox="0 0 20 20"
      width="1em"
      xmlns="http://www.w3.org/2000/svg"
    >
      <path
        clip-rule="evenodd"
        d="M3 7a1 1 0 011-1h12a1 1 0 110 2H4a1 1 0 01-1-1zM3 13a1 1 0 011-1h12a1 1 0 110 2H4a1 1 0 01-1-1z"
        fill-rule="evenodd"
      />
    </svg>
  </header>
  ,
</div>
`;
