// Jest Snapshot v1, https://goo.gl/fbAQLP

exports[`Home page should render correctly 1`] = `
<div>
  <h2>
    There are no cars available
  </h2>
</div>
`;
